178.124.214.209 - - [10/Feb/2021:15:00:27 +0300] "GET /css/calendar.css HTTP/1.0" 200 10530 "http://belgim.by/pages/view?id=328" "Mozilla/5.0 (X11; Ubuntu; Linux x86_64; rv:60.0) Gecko/20100101 Firefox/60.0"
82.209.249.74 - - [10/Feb/2021:15:00:25 +0300] "GET / HTTP/1.0" 200 171174 "https://www.google.com/" "Mozilla/5.0 (Windows NT 10.0; Win64; x64) AppleWebKit/537.36 (KHTML, like Gecko) Chrome/88.0.4324.104 Safari/537.36"
178.124.214.209 - - [10/Feb/2021:15:00:27 +0300] "GET /css/adminLTE.min.css HTTP/1.0" 200 90390 "http://belgim.by/pages/view?id=328" "Mozilla/5.0 (X11; Ubuntu; Linux x86_64; rv:60.0) Gecko/20100101 Firefox/60.0"
37.17.57.233 - - [10/Feb/2021:15:00:36 +0300] "GET /images/cal_ar_left.png HTTP/1.0" 200 2959 "http://belgim.by/css/calendar.css" "Mozilla/5.0 (Windows NT 6.1; Win64; x64) AppleWebKit/537.36 (KHTML, like Gecko) Chrome/88.0.4324.150 Safari/537.36"
82.209.249.74 - - [10/Feb/2021:15:00:34 +0300] "GET /css/adminLTE.min.css HTTP/1.0" 200 90390 "http://belgim.by/" "Mozilla/5.0 (Windows NT 10.0; Win64; x64) AppleWebKit/537.36 (KHTML, like Gecko) Chrome/88.0.4324.104 Safari/537.36"
178.124.214.209 - - [10/Feb/2021:15:00:28 +0300] "GET /images/gosbanners/tnpa2.jpg HTTP/1.0" 200 23402 "http://belgim.by/pages/view?id=328" "Mozilla/5.0 (X11; Ubuntu; Linux x86_64; rv:60.0) Gecko/20100101 Firefox/60.0"
37.17.57.233 - - [10/Feb/2021:15:00:34 +0300] "GET /assets/f5de4a1c/fullcalendar.js HTTP/1.0" 200 624005 "http://belgim.by/" "Mozilla/5.0 (Windows NT 6.1; Win64; x64) AppleWebKit/537.36 (KHTML, like Gecko) Chrome/88.0.4324.150 Safari/537.36"
178.124.214.209 - - [10/Feb/2021:15:00:28 +0300] "GET /img/search_box_icon.png HTTP/1.0" 200 1018 "http://belgim.by/css/site.css" "Mozilla/5.0 (X11; Ubuntu; Linux x86_64; rv:60.0) Gecko/20100101 Firefox/60.0"
178.124.214.209 - - [10/Feb/2021:15:00:28 +0300] "GET /js/app.js HTTP/1.0" 200 23277 "http://belgim.by/pages/view?id=328" "Mozilla/5.0 (X11; Ubuntu; Linux x86_64; rv:60.0) Gecko/20100101 Firefox/60.0"
178.124.214.209 - - [10/Feb/2021:15:00:28 +0300] "GET /js/app.js HTTP/1.0" 200 23277 "http://belgim.by/pages/view?id=328" "Mozilla/5.0 (X11; Ubuntu; Linux x86_64; rv:60.0) Gecko/20100101 Firefox/60.0"
Чт мар 4 23:09:15 +03 2021 security alert
178.124.214.209 - - [10/Feb/2021:15:00:28 +0300] "GET /js/app.js HTTP/1.0" 200 23277 "http://belgim.by/pages/view?id=328" "Mozilla/5.0 (X11; Ubuntu; Linux x86_64; rv:60.0) Gecko/20100101 Firefox/60.0"
37.17.57.233 - - [10/Feb/2021:15:00:35 +0300] "GET /images/gosbanners/si.png HTTP/1.0" 200 15151 "http://belgim.by/" "Mozilla/5.0 (Windows NT 6.1; Win64; x64) AppleWebKit/537.36 (KHTML, like Gecko) Chrome/88.0.4324.150 Safari/537.36"
82.209.249.74 - - [10/Feb/2021:15:00:10 +0300] "GET / HTTP/1.0" 200 171174 "https://www.google.com/" "Mozilla/5.0 (Windows NT 10.0; Win64; x64) AppleWebKit/537.36 (KHTML, like Gecko) Chrome/88.0.4324.104 Safari/537.36"
178.124.214.209 - - [10/Feb/2021:15:00:28 +0300] "GET /visually/js/responsivevoice.min.js HTTP/1.0" 200 48603 "http://belgim.by/pages/view?id=328" "Mozilla/5.0 (X11; Ubuntu; Linux x86_64; rv:60.0) Gecko/20100101 Firefox/60.0"
178.124.214.209 - - [10/Feb/2021:15:00:26 +0300] "GET /pages/view?id=328 HTTP/1.0" 200 58350 "-" "Mozilla/5.0 (X11; Ubuntu; Linux x86_64; rv:60.0) Gecko/20100101 Firefox/60.0"
37.17.57.233 - - [10/Feb/2021:15:00:34 +0300] "GET /assets/f5de4a1c/locale/ru-RU.js HTTP/1.0" 404 53443 "http://belgim.by/" "Mozilla/5.0 (Windows NT 6.1; Win64; x64) AppleWebKit/537.36 (KHTML, like Gecko) Chrome/88.0.4324.150 Safari/537.36"
37.17.57.233 - - [10/Feb/2021:15:00:34 +0300] "GET /assets/bddb0f83/js/kv-widgets.min.js HTTP/1.0" 200 671 "http://belgim.by/" "Mozilla/5.0 (Windows NT 6.1; Win64; x64) AppleWebKit/537.36 (KHTML, like Gecko) Chrome/88.0.4324.150 Safari/537.36"
178.124.214.209 - - [10/Feb/2021:15:00:27 +0300] "GET /css/site.css HTTP/1.0" 200 33945 "http://belgim.by/pages/view?id=328" "Mozilla/5.0 (X11; Ubuntu; Linux x86_64; rv:60.0) Gecko/20100101 Firefox/60.0"
178.124.214.209 - - [10/Feb/2021:15:00:28 +0300] "GET /js/js.js HTTP/1.0" 200 4104 "http://belgim.by/pages/view?id=328" "Mozilla/5.0 (X11; Ubuntu; Linux x86_64; rv:60.0) Gecko/20100101 Firefox/60.0"
178.124.214.209 - - [10/Feb/2021:15:00:27 +0300] "GET /js/jquery.carouFredSel-6.2.1-packed.js HTTP/1.0" 200 54780 "http://belgim.by/pages/view?id=328" "Mozilla/5.0 (X11; Ubuntu; Linux x86_64; rv:60.0) Gecko/20100101 Firefox/60.0"
Чт мар 4 23:09:25 +03 2021 security alert
178.124.214.209 - - [10/Feb/2021:15:00:27 +0300] "GET /assets/76710ad9/css/bootstrap.css HTTP/1.0" 200 145933 "http://belgim.by/pages/view?id=328" "Mozilla/5.0 (X11; Ubuntu; Linux x86_64; rv:60.0) Gecko/20100101 Firefox/60.0"
178.124.214.209 - - [10/Feb/2021:15:00:28 +0300] "GET /fonts/fontawesome-webfont.woff2?v=4.7.0 HTTP/1.0" 200 77160 "http://belgim.by/css/font-awesome.min.css" "Mozilla/5.0 (X11; Ubuntu; Linux x86_64; rv:60.0) Gecko/20100101 Firefox/60.0"
178.124.214.209 - - [10/Feb/2021:15:00:28 +0300] "GET /visually/fonts/glyphicons-halflings-regular.woff2 HTTP/1.0" 200 18028 "http://belgim.by/visually/css/bvi.min.css" "Mozilla/5.0 (X11; Ubuntu; Linux x86_64; rv:60.0) Gecko/20100101 Firefox/60.0"
178.124.214.209 - - [10/Feb/2021:15:00:28 +0300] "GET /images/gosbanners/belta.png HTTP/1.0" 200 19332 "http://belgim.by/pages/view?id=328" "Mozilla/5.0 (X11; Ubuntu; Linux x86_64; rv:60.0) Gecko/20100101 Firefox/60.0"
178.124.214.209 - - [10/Feb/2021:15:00:28 +0300] "GET /img/control_next.png HTTP/1.0" 200 533 "http://belgim.by/css/slider.css" "Mozilla/5.0 (X11; Ubuntu; Linux x86_64; rv:60.0) Gecko/20100101 Firefox/60.0"
37.17.57.233 - - [10/Feb/2021:15:00:36 +0300] "GET /images/s_right.png HTTP/1.0" 200 2993 "http://belgim.by/css/site.css" "Mozilla/5.0 (Windows NT 6.1; Win64; x64) AppleWebKit/537.36 (KHTML, like Gecko) Chrome/88.0.4324.150 Safari/537.36"
37.17.57.233 - - [10/Feb/2021:15:00:34 +0300] "GET /assets/e74031b7/jquery-ui.js HTTP/1.0" 200 520714 "http://belgim.by/" "Mozilla/5.0 (Windows NT 6.1; Win64; x64) AppleWebKit/537.36 (KHTML, like Gecko) Chrome/88.0.4324.150 Safari/537.36"
178.124.214.209 - - [10/Feb/2021:15:00:28 +0300] "GET /images/gosbanners/belta.png HTTP/1.0" 200 19332 "http://belgim.by/pages/view?id=328" "Mozilla/5.0 (X11; Ubuntu; Linux x86_64; rv:60.0) Gecko/20100101 Firefox/60.0"
37.17.57.233 - - [10/Feb/2021:15:00:34 +0300] "GET /images/gosbanners/oeilogo.png HTTP/1.0" 200 26043 "http://belgim.by/" "Mozilla/5.0 (Windows NT 6.1; Win64; x64) AppleWebKit/537.36 (KHTML, like Gecko) Chrome/88.0.4324.150 Safari/537.36"
178.124.214.209 - - [10/Feb/2021:15:00:28 +0300] "GET /images/gosbanners/belta.png HTTP/1.0" 200 19332 "http://belgim.by/pages/view?id=328" "Mozilla/5.0 (X11; Ubuntu; Linux x86_64; rv:60.0) Gecko/20100101 Firefox/60.0"
Чт мар 4 23:09:47 +03 2021 security alert
Чт мар 4 23:27:08 +03 2021 security alert
82.209.219.28 - - [10/Feb/2021:15:01:52 +0300] "GET /assets/76710ad9/js/bootstrap.js HTTP/1.0" 200 75484 "http://belgim.by/pages/view?id=151" "Mozilla/5.0 (Windows NT 6.1; Win64; x64) AppleWebKit/537.36 (KHTML, like Gecko) Chrome/88.0.4324.150 Safari/537.36"
82.209.219.28 - - [10/Feb/2021:15:01:52 +0300] "GET /visually/js/responsivevoice.min.js HTTP/1.0" 200 48603 "http://belgim.by/pages/view?id=151" "Mozilla/5.0 (Windows NT 6.1; Win64; x64) AppleWebKit/537.36 (KHTML, like Gecko) Chrome/88.0.4324.150 Safari/537.36"
178.124.159.76 - - [10/Feb/2021:15:00:44 +0300] "GET /css/slider.css HTTP/1.0" 200 1921 "http://belgim.by/pages/view?id=123" "Mozilla/5.0 (Windows NT 5.1) AppleWebKit/537.36 (KHTML, like Gecko) Chrome/49.0.2623.112 Safari/537.36 OPR/36.0.2130.80"
178.124.214.209 - - [10/Feb/2021:15:00:28 +0300] "GET /images/gosbanners/Reestrs.jpg HTTP/1.0" 200 46806 "http://belgim.by/pages/view?id=328" "Mozilla/5.0 (X11; Ubuntu; Linux x86_64; rv:60.0) Gecko/20100101 Firefox/60.0"
37.17.57.233 - - [10/Feb/2021:15:00:10 +0300] "GET /js/rt-socket.js HTTP/1.0" 304 - "http://belgim.by/" "Mozilla/5.0 (Windows NT 6.1; Win64; x64) AppleWebKit/537.36 (KHTML, like Gecko) Chrome/88.0.4324.150 Safari/537.36"
178.124.214.209 - - [10/Feb/2021:15:00:28 +0300] "GET /images/gosbanners/gosstandart2.png HTTP/1.0" 200 23676 "http://belgim.by/pages/view?id=328" "Mozilla/5.0 (X11; Ubuntu; Linux x86_64; rv:60.0) Gecko/20100101 Firefox/60.0"
82.209.249.74 - - [10/Feb/2021:15:00:26 +0300] "GET /visually/css/bvi.min.css HTTP/1.0" 200 26100 "http://belgim.by/" "Mozilla/5.0 (Windows NT 10.0; Win64; x64) AppleWebKit/537.36 (KHTML, like Gecko) Chrome/88.0.4324.104 Safari/537.36"
194.158.202.17 - - [10/Feb/2021:15:01:20 +0300] "GET /images/gosbanners/95years.gif HTTP/1.0" 200 76382 "http://belgim.by/" "Mozilla/5.0 (Windows NT 6.1; Win64; x64) AppleWebKit/537.36 (KHTML, like Gecko) Chrome/88.0.4324.150 Safari/537.36"
37.17.57.233 - - [10/Feb/2021:15:00:34 +0300] "GET / HTTP/1.0" 200 171174 "https://www.google.com/" "Mozilla/5.0 (Windows NT 6.1; Win64; x64) AppleWebKit/537.36 (KHTML, like Gecko) Chrome/88.0.4324.150 Safari/537.36"
178.124.214.209 - - [10/Feb/2021:15:00:27 +0300] "GET /visually/css/bvi.min.css HTTP/1.0" 200 26100 "http://belgim.by/pages/view?id=328" "Mozilla/5.0 (X11; Ubuntu; Linux x86_64; rv:60.0) Gecko/20100101 Firefox/60.0"
Чт мар 4 23:27:38 +03 2021 security alert
213.184.248.20 - - [10/Feb/2021:15:03:28 +0300] "GET /visually/js/responsivevoice.min.js HTTP/1.0" 200 48603 "http://belgim.by/" "Mozilla/5.0 (Windows NT 10.0; Win64; x64) AppleWebKit/537.36 (KHTML, like Gecko) Chrome/88.0.4324.150 Safari/537.36"
178.124.159.76 - - [10/Feb/2021:15:00:44 +0300] "GET /css/multi-select.css HTTP/1.0" 200 2351 "http://belgim.by/pages/view?id=123" "Mozilla/5.0 (Windows NT 5.1) AppleWebKit/537.36 (KHTML, like Gecko) Chrome/49.0.2623.112 Safari/537.36 OPR/36.0.2130.80"
185.130.250.51 - - [10/Feb/2021:15:04:50 +0300] "GET /images/gosbanners/deburokr.gif HTTP/1.0" 200 8772 "http://belgim.by/" "Mozilla/5.0 (Windows NT 6.3; Win64; x64) AppleWebKit/537.36 (KHTML, like Gecko) Chrome/88.0.4324.146 Safari/537.36"
178.124.214.209 - - [10/Feb/2021:15:00:28 +0300] "GET /visually/js/bvi.min.js HTTP/1.0" 200 29076 "http://belgim.by/pages/view?id=328" "Mozilla/5.0 (X11; Ubuntu; Linux x86_64; rv:60.0) Gecko/20100101 Firefox/60.0"
82.209.219.28 - - [10/Feb/2021:15:01:52 +0300] "GET /js/app.js HTTP/1.0" 200 23277 "http://belgim.by/pages/view?id=151" "Mozilla/5.0 (Windows NT 6.1; Win64; x64) AppleWebKit/537.36 (KHTML, like Gecko) Chrome/88.0.4324.150 Safari/537.36"
194.158.202.17 - - [10/Feb/2021:15:01:20 +0300] "GET /images/gosbanners/belta.png HTTP/1.0" 200 19332 "http://belgim.by/" "Mozilla/5.0 (Windows NT 6.1; Win64; x64) AppleWebKit/537.36 (KHTML, like Gecko) Chrome/88.0.4324.150 Safari/537.36"
178.124.214.209 - - [10/Feb/2021:15:00:28 +0300] "GET /img/soc/940994-20.png HTTP/1.0" 200 475 "http://belgim.by/pages/view?id=328" "Mozilla/5.0 (X11; Ubuntu; Linux x86_64; rv:60.0) Gecko/20100101 Firefox/60.0"
82.209.249.74 - - [10/Feb/2021:15:03:36 +0300] "GET /img/blue_box.png HTTP/1.0" 200 42115 "http://belgim.by/css/site.css" "Mozilla/5.0 (Windows NT 10.0; Win64; x64) AppleWebKit/537.36 (KHTML, like Gecko) Chrome/88.0.4324.104 Safari/537.36"
213.184.248.20 - - [10/Feb/2021:15:03:28 +0300] "GET /visually/js/responsivevoice.min.js HTTP/1.0" 200 48603 "http://belgim.by/" "Mozilla/5.0 (Windows NT 10.0; Win64; x64) AppleWebKit/537.36 (KHTML, like Gecko) Chrome/88.0.4324.150 Safari/537.36"
178.124.159.76 - - [10/Feb/2021:15:00:45 +0300] "GET /images/gosbanners/banerPort.jpg HTTP/1.0" 200 48973 "http://belgim.by/pages/view?id=123" "Mozilla/5.0 (Windows NT 5.1) AppleWebKit/537.36 (KHTML, like Gecko) Chrome/49.0.2623.112 Safari/537.36 OPR/36.0.2130.80"
Чт мар 4 23:28:04 +03 2021 security alert
213.184.248.20 - - [10/Feb/2021:15:03:29 +0300] "GET /img/logo.png HTTP/1.0" 200 7901 "http://belgim.by/" "Mozilla/5.0 (Windows NT 10.0; Win64; x64) AppleWebKit/537.36 (KHTML, like Gecko) Chrome/88.0.4324.150 Safari/537.36"
82.209.249.74 - - [10/Feb/2021:15:03:37 +0300] "GET /images/gosbanners/presidentportal2.png HTTP/1.0" 200 19346 "http://belgim.by/" "Mozilla/5.0 (Windows NT 10.0; Win64; x64) AppleWebKit/537.36 (KHTML, like Gecko) Chrome/88.0.4324.104 Safari/537.36"
185.130.250.51 - - [10/Feb/2021:15:04:50 +0300] "GET /js/hover.js HTTP/1.0" 200 566 "http://belgim.by/" "Mozilla/5.0 (Windows NT 6.3; Win64; x64) AppleWebKit/537.36 (KHTML, like Gecko) Chrome/88.0.4324.146 Safari/537.36"
178.124.214.209 - - [10/Feb/2021:15:00:28 +0300] "GET /img/control_pre.png HTTP/1.0" 200 520 "http://belgim.by/css/slider.css" "Mozilla/5.0 (X11; Ubuntu; Linux x86_64; rv:60.0) Gecko/20100101 Firefox/60.0"
194.158.202.17 - - [10/Feb/2021:15:01:21 +0300] "GET /images/gosbanners/eco-package.jpg HTTP/1.0" 200 36156 "http://belgim.by/" "Mozilla/5.0 (Windows NT 6.1; Win64; x64) AppleWebKit/537.36 (KHTML, like Gecko) Chrome/88.0.4324.150 Safari/537.36"
82.209.249.74 - - [10/Feb/2021:15:01:53 +0300] "GET /assets/c3df75fd/yii.js HTTP/1.0" 200 20203 "http://belgim.by/" "Mozilla/5.0 (Windows NT 10.0; Win64; x64) AppleWebKit/537.36 (KHTML, like Gecko) Chrome/88.0.4324.104 Safari/537.36"
82.209.219.28 - - [10/Feb/2021:15:01:52 +0300] "GET /images/gosbanners/deburokr.gif HTTP/1.0" 200 8772 "http://belgim.by/pages/view?id=151" "Mozilla/5.0 (Windows NT 6.1; Win64; x64) AppleWebKit/537.36 (KHTML, like Gecko) Chrome/88.0.4324.150 Safari/537.36"
82.209.219.28 - - [10/Feb/2021:15:01:53 +0300] "GET /fonts/fontawesome-webfont.woff2?v=4.7.0 HTTP/1.0" 200 77160 "http://belgim.by/css/font-awesome.min.css" "Mozilla/5.0 (Windows NT 6.1; Win64; x64) AppleWebKit/537.36 (KHTML, like Gecko) Chrome/88.0.4324.150 Safari/537.36"
194.158.202.17 - - [10/Feb/2021:15:01:19 +0300] "GET /img/phone.png HTTP/1.0" 200 3616 "http://belgim.by/css/site.css" "Mozilla/5.0 (Windows NT 6.1; Win64; x64) AppleWebKit/537.36 (KHTML, like Gecko) Chrome/88.0.4324.150 Safari/537.36"
185.130.250.51 - - [10/Feb/2021:15:04:50 +0300] "GET /assets/4b344133/moment.js HTTP/1.0" 200 173902 "http://belgim.by/" "Mozilla/5.0 (Windows NT 6.3; Win64; x64) AppleWebKit/537.36 (KHTML, like Gecko) Chrome/88.0.4324.146 Safari/537.36"
Чт мар 4 23:29:43 +03 2021 security alert
178.124.214.209 - - [10/Feb/2021:15:00:28 +0300] "GET /js/app.js HTTP/1.0" 200 23277 "http://belgim.by/pages/view?id=328" "Mozilla/5.0 (X11; Ubuntu; Linux x86_64; rv:60.0) Gecko/20100101 Firefox/60.0"
37.17.57.233 - - [10/Feb/2021:15:00:10 +0300] "GET /images/gosbanners/si.png HTTP/1.0" 200 15151 "http://belgim.by/" "Mozilla/5.0 (Windows NT 6.1; Win64; x64) AppleWebKit/537.36 (KHTML, like Gecko) Chrome/88.0.4324.150 Safari/537.36"
194.158.202.17 - - [10/Feb/2021:15:01:17 +0300] "GET /assets/2470dbb9/css/bootstrap-tabs-x.min.css HTTP/1.0" 200 5845 "http://belgim.by/" "Mozilla/5.0 (Windows NT 6.1; Win64; x64) AppleWebKit/537.36 (KHTML, like Gecko) Chrome/88.0.4324.150 Safari/537.36"
178.124.214.209 - - [10/Feb/2021:15:00:27 +0300] "GET /css/multi-select.css HTTP/1.0" 200 2351 "http://belgim.by/pages/view?id=328" "Mozilla/5.0 (X11; Ubuntu; Linux x86_64; rv:60.0) Gecko/20100101 Firefox/60.0"
194.158.202.17 - - [10/Feb/2021:15:01:17 +0300] "GET /assets/2470dbb9/css/bootstrap-tabs-x.min.css HTTP/1.0" 200 5845 "http://belgim.by/" "Mozilla/5.0 (Windows NT 6.1; Win64; x64) AppleWebKit/537.36 (KHTML, like Gecko) Chrome/88.0.4324.150 Safari/537.36"
82.209.249.74 - - [10/Feb/2021:15:03:49 +0300] "GET /images/gosbanners/belta.png HTTP/1.0" 200 19332 "http://belgim.by/" "Mozilla/5.0 (Windows NT 10.0; Win64; x64) AppleWebKit/537.36 (KHTML, like Gecko) Chrome/88.0.4324.104 Safari/537.36"
194.158.202.17 - - [10/Feb/2021:15:01:18 +0300] "GET /js/app.js HTTP/1.0" 200 23277 "http://belgim.by/" "Mozilla/5.0 (Windows NT 6.1; Win64; x64) AppleWebKit/537.36 (KHTML, like Gecko) Chrome/88.0.4324.150 Safari/537.36"
194.158.202.17 - - [10/Feb/2021:15:01:17 +0300] "GET /css/adminLTE.min.css HTTP/1.0" 200 90390 "http://belgim.by/" "Mozilla/5.0 (Windows NT 6.1; Win64; x64) AppleWebKit/537.36 (KHTML, like Gecko) Chrome/88.0.4324.150 Safari/537.36"
37.17.57.233 - - [10/Feb/2021:15:00:36 +0300] "GET /img/blue_box.png HTTP/1.0" 200 42115 "http://belgim.by/css/site.css" "Mozilla/5.0 (Windows NT 6.1; Win64; x64) AppleWebKit/537.36 (KHTML, like Gecko) Chrome/88.0.4324.150 Safari/537.36"
213.184.248.20 - - [10/Feb/2021:15:03:28 +0300] "GET /assets/4b344133/moment.js HTTP/1.0" 200 173902 "http://belgim.by/" "Mozilla/5.0 (Windows NT 10.0; Win64; x64) AppleWebKit/537.36 (KHTML, like Gecko) Chrome/88.0.4324.150 Safari/537.36"
Чт мар 4 23:31:06 +03 2021 security alert
Чт мар 4 23:31:42 +03 2021 security alert
Чт мар 4 23:34:36 +03 2021 security alert
82.209.219.28 - - [10/Feb/2021:15:01:53 +0300] "GET /images/gosbanners/razvitie.jpg HTTP/1.0" 200 79286 "http://belgim.by/pages/view?id=151" "Mozilla/5.0 (Windows NT 6.1; Win64; x64) AppleWebKit/537.36 (KHTML, like Gecko) Chrome/88.0.4324.150 Safari/537.36"
194.158.202.17 - - [10/Feb/2021:15:01:17 +0300] "GET /css/multi-select.css HTTP/1.0" 200 2351 "http://belgim.by/" "Mozilla/5.0 (Windows NT 6.1; Win64; x64) AppleWebKit/537.36 (KHTML, like Gecko) Chrome/88.0.4324.150 Safari/537.36"
185.130.250.51 - - [10/Feb/2021:15:04:50 +0300] "GET /images/gosbanners/presidentportal2.png HTTP/1.0" 200 19346 "http://belgim.by/" "Mozilla/5.0 (Windows NT 6.3; Win64; x64) AppleWebKit/537.36 (KHTML, like Gecko) Chrome/88.0.4324.146 Safari/537.36"
178.124.214.209 - - [10/Feb/2021:15:00:28 +0300] "GET /images/gosbanners/Reestrs.jpg HTTP/1.0" 200 46806 "http://belgim.by/pages/view?id=328" "Mozilla/5.0 (X11; Ubuntu; Linux x86_64; rv:60.0) Gecko/20100101 Firefox/60.0"
213.184.248.20 - - [10/Feb/2021:15:03:29 +0300] "GET /images/gosbanners/declar.jpg HTTP/1.0" 200 15545 "http://belgim.by/" "Mozilla/5.0 (Windows NT 10.0; Win64; x64) AppleWebKit/537.36 (KHTML, like Gecko) Chrome/88.0.4324.150 Safari/537.36"
82.209.219.28 - - [10/Feb/2021:15:01:52 +0300] "GET /assets/76710ad9/js/bootstrap.js HTTP/1.0" 200 75484 "http://belgim.by/pages/view?id=151" "Mozilla/5.0 (Windows NT 6.1; Win64; x64) AppleWebKit/537.36 (KHTML, like Gecko) Chrome/88.0.4324.150 Safari/537.36"
194.158.202.17 - - [10/Feb/2021:15:01:18 +0300] "GET /visually/js/js.cookie.min.js HTTP/1.0" 200 1957 "http://belgim.by/" "Mozilla/5.0 (Windows NT 6.1; Win64; x64) AppleWebKit/537.36 (KHTML, like Gecko) Chrome/88.0.4324.150 Safari/537.36"
82.209.219.28 - - [10/Feb/2021:15:01:52 +0300] "GET /css/multi-select.css HTTP/1.0" 200 2351 "http://belgim.by/pages/view?id=151" "Mozilla/5.0 (Windows NT 6.1; Win64; x64) AppleWebKit/537.36 (KHTML, like Gecko) Chrome/88.0.4324.150 Safari/537.36"
82.209.219.28 - - [10/Feb/2021:15:01:53 +0300] "GET /favicon.ico HTTP/1.0" 200 1150 "http://belgim.by/pages/view?id=151" "Mozilla/5.0 (Windows NT 6.1; Win64; x64) AppleWebKit/537.36 (KHTML, like Gecko) Chrome/88.0.4324.150 Safari/537.36"
194.158.202.17 - - [10/Feb/2021:15:01:20 +0300] "GET /images/gosbanners/95years.gif HTTP/1.0" 200 76382 "http://belgim.by/" "Mozilla/5.0 (Windows NT 6.1; Win64; x64) AppleWebKit/537.36 (KHTML, like Gecko) Chrome/88.0.4324.150 Safari/537.36"
Чт мар 4 23:34:53 +03 2021 security alert
82.209.219.28 - - [10/Feb/2021:15:01:52 +0300] "GET /assets/76710ad9/css/bootstrap.css HTTP/1.0" 200 145933 "http://belgim.by/pages/view?id=151" "Mozilla/5.0 (Windows NT 6.1; Win64; x64) AppleWebKit/537.36 (KHTML, like Gecko) Chrome/88.0.4324.150 Safari/537.36"
213.184.248.20 - - [10/Feb/2021:15:03:28 +0300] "GET /assets/f5de4a1c/fullcalendar.js HTTP/1.0" 200 624005 "http://belgim.by/" "Mozilla/5.0 (Windows NT 10.0; Win64; x64) AppleWebKit/537.36 (KHTML, like Gecko) Chrome/88.0.4324.150 Safari/537.36"
194.158.202.17 - - [10/Feb/2021:15:01:16 +0300] "GET / HTTP/1.0" 200 171174 "-" "Mozilla/5.0 (Windows NT 6.1; Win64; x64) AppleWebKit/537.36 (KHTML, like Gecko) Chrome/88.0.4324.150 Safari/537.36"
185.130.250.51 - - [10/Feb/2021:15:04:50 +0300] "GET /js/rt-socket.js HTTP/1.0" 200 1041 "http://belgim.by/" "Mozilla/5.0 (Windows NT 6.3; Win64; x64) AppleWebKit/537.36 (KHTML, like Gecko) Chrome/88.0.4324.146 Safari/537.36"
82.209.219.28 - - [10/Feb/2021:15:01:52 +0300] "GET /js/rt-socket.js HTTP/1.0" 200 1041 "http://belgim.by/pages/view?id=151" "Mozilla/5.0 (Windows NT 6.1; Win64; x64) AppleWebKit/537.36 (KHTML, like Gecko) Chrome/88.0.4324.150 Safari/537.36"
82.209.219.28 - - [10/Feb/2021:15:01:52 +0300] "GET /visually/js/js.cookie.min.js HTTP/1.0" 200 1957 "http://belgim.by/pages/view?id=151" "Mozilla/5.0 (Windows NT 6.1; Win64; x64) AppleWebKit/537.36 (KHTML, like Gecko) Chrome/88.0.4324.150 Safari/537.36"
185.130.250.51 - - [10/Feb/2021:15:04:50 +0300] "GET /js/menu-list.js HTTP/1.0" 200 282 "http://belgim.by/" "Mozilla/5.0 (Windows NT 6.3; Win64; x64) AppleWebKit/537.36 (KHTML, like Gecko) Chrome/88.0.4324.146 Safari/537.36"
82.209.219.28 - - [10/Feb/2021:15:01:52 +0300] "GET /assets/c3df75fd/yii.js HTTP/1.0" 200 20203 "http://belgim.by/pages/view?id=151" "Mozilla/5.0 (Windows NT 6.1; Win64; x64) AppleWebKit/537.36 (KHTML, like Gecko) Chrome/88.0.4324.150 Safari/537.36"
185.130.250.51 - - [10/Feb/2021:15:04:50 +0300] "GET /visually/css/bvi.min.css HTTP/1.0" 200 26100 "http://belgim.by/" "Mozilla/5.0 (Windows NT 6.3; Win64; x64) AppleWebKit/537.36 (KHTML, like Gecko) Chrome/88.0.4324.146 Safari/537.36"
82.209.249.74 - - [10/Feb/2021:15:03:50 +0300] "GET /images/gosbanners/zapret-reestry_1.png HTTP/1.0" 200 24786 "http://belgim.by/" "Mozilla/5.0 (Windows NT 10.0; Win64; x64) AppleWebKit/537.36 (KHTML, like Gecko) Chrome/88.0.4324.104 Safari/537.36"
Чт мар 4 23:35:27 +03 2021 security alert
178.124.214.209 - - [10/Feb/2021:15:00:28 +0300] "GET /images/gosbanners/eco-package.jpg HTTP/1.0" 200 36156 "http://belgim.by/pages/view?id=328" "Mozilla/5.0 (X11; Ubuntu; Linux x86_64; rv:60.0) Gecko/20100101 Firefox/60.0"
178.124.159.76 - - [10/Feb/2021:15:00:44 +0300] "GET /js/hover.js HTTP/1.0" 200 566 "http://belgim.by/pages/view?id=123" "Mozilla/5.0 (Windows NT 5.1) AppleWebKit/537.36 (KHTML, like Gecko) Chrome/49.0.2623.112 Safari/537.36 OPR/36.0.2130.80"
185.130.250.51 - - [10/Feb/2021:15:04:50 +0300] "GET /images/gosbanners/oeilogo.png HTTP/1.0" 200 26043 "http://belgim.by/" "Mozilla/5.0 (Windows NT 6.3; Win64; x64) AppleWebKit/537.36 (KHTML, like Gecko) Chrome/88.0.4324.146 Safari/537.36"
185.130.250.51 - - [10/Feb/2021:15:04:50 +0300] "GET /img/soc/940994-20.png HTTP/1.0" 200 475 "http://belgim.by/" "Mozilla/5.0 (Windows NT 6.3; Win64; x64) AppleWebKit/537.36 (KHTML, like Gecko) Chrome/88.0.4324.146 Safari/537.36"
194.158.202.17 - - [10/Feb/2021:15:01:21 +0300] "GET /images/gosbanners/banerPort.jpg HTTP/1.0" 200 48973 "http://belgim.by/" "Mozilla/5.0 (Windows NT 6.1; Win64; x64) AppleWebKit/537.36 (KHTML, like Gecko) Chrome/88.0.4324.150 Safari/537.36"
185.130.250.51 - - [10/Feb/2021:15:04:50 +0300] "GET /css/site.css HTTP/1.0" 200 33945 "http://belgim.by/" "Mozilla/5.0 (Windows NT 6.3; Win64; x64) AppleWebKit/537.36 (KHTML, like Gecko) Chrome/88.0.4324.146 Safari/537.36"
185.130.250.51 - - [10/Feb/2021:15:04:50 +0300] "GET /images/gosbanners/eco-package.jpg HTTP/1.0" 200 36156 "http://belgim.by/" "Mozilla/5.0 (Windows NT 6.3; Win64; x64) AppleWebKit/537.36 (KHTML, like Gecko) Chrome/88.0.4324.146 Safari/537.36"
185.191.171.2 - - [10/Feb/2021:15:00:38 +0300] "GET /news/index?newsname=jurnal_metrologiya_i_priborostroenie_%E2%84%96_42015&page=12&per-page=10 HTTP/1.0" 200 74943 "-" "Mozilla/5.0 (compatible; SemrushBot/7~bl; +http://www.semrush.com/bot.html)"
82.209.249.74 - - [10/Feb/2021:15:03:50 +0300] "GET /images/gosbanners/deburokr.gif HTTP/1.0" 200 8772 "http://belgim.by/" "Mozilla/5.0 (Windows NT 10.0; Win64; x64) AppleWebKit/537.36 (KHTML, like Gecko) Chrome/88.0.4324.104 Safari/537.36"
178.124.214.209 - - [10/Feb/2021:15:00:28 +0300] "GET /js/app.js HTTP/1.0" 200 23277 "http://belgim.by/pages/view?id=328" "Mozilla/5.0 (X11; Ubuntu; Linux x86_64; rv:60.0) Gecko/20100101 Firefox/60.0"
Чт мар 4 23:36:42 +03 2021 security alert
82.209.249.74 - - [10/Feb/2021:15:03:50 +0300] "GET /images/cal_ar_right.png HTTP/1.0" 200 2961 "http://belgim.by/css/calendar.css" "Mozilla/5.0 (Windows NT 10.0; Win64; x64) AppleWebKit/537.36 (KHTML, like Gecko) Chrome/88.0.4324.104 Safari/537.36"
213.184.248.20 - - [10/Feb/2021:15:03:28 +0300] "GET /assets/4b344133/moment.js HTTP/1.0" 200 173902 "http://belgim.by/" "Mozilla/5.0 (Windows NT 10.0; Win64; x64) AppleWebKit/537.36 (KHTML, like Gecko) Chrome/88.0.4324.150 Safari/537.36"
194.158.202.17 - - [10/Feb/2021:15:01:21 +0300] "GET /images/gosbanners/declar.jpg HTTP/1.0" 200 15545 "http://belgim.by/" "Mozilla/5.0 (Windows NT 6.1; Win64; x64) AppleWebKit/537.36 (KHTML, like Gecko) Chrome/88.0.4324.150 Safari/537.36"
82.209.249.74 - - [10/Feb/2021:15:00:10 +0300] "GET / HTTP/1.0" 200 171174 "https://www.google.com/" "Mozilla/5.0 (Windows NT 10.0; Win64; x64) AppleWebKit/537.36 (KHTML, like Gecko) Chrome/88.0.4324.104 Safari/537.36"
213.184.248.20 - - [10/Feb/2021:15:03:28 +0300] "GET /js/js.js HTTP/1.0" 200 4104 "http://belgim.by/" "Mozilla/5.0 (Windows NT 10.0; Win64; x64) AppleWebKit/537.36 (KHTML, like Gecko) Chrome/88.0.4324.150 Safari/537.36"
178.124.214.209 - - [10/Feb/2021:15:00:27 +0300] "GET /js/jquery.multi-select.js HTTP/1.0" 200 19744 "http://belgim.by/pages/view?id=328" "Mozilla/5.0 (X11; Ubuntu; Linux x86_64; rv:60.0) Gecko/20100101 Firefox/60.0"
178.124.214.209 - - [10/Feb/2021:15:00:28 +0300] "GET /visually/js/bvi-init-panel.min.js HTTP/1.0" 200 117 "http://belgim.by/pages/view?id=328" "Mozilla/5.0 (X11; Ubuntu; Linux x86_64; rv:60.0) Gecko/20100101 Firefox/60.0"
185.130.250.51 - - [10/Feb/2021:15:04:50 +0300] "GET /images/gosbanners/pravo2.gif HTTP/1.0" 200 4205 "http://belgim.by/" "Mozilla/5.0 (Windows NT 6.3; Win64; x64) AppleWebKit/537.36 (KHTML, like Gecko) Chrome/88.0.4324.146 Safari/537.36"
213.184.248.20 - - [10/Feb/2021:15:03:29 +0300] "GET /images/gosbanners/eco-package.jpg HTTP/1.0" 200 36156 "http://belgim.by/" "Mozilla/5.0 (Windows NT 10.0; Win64; x64) AppleWebKit/537.36 (KHTML, like Gecko) Chrome/88.0.4324.150 Safari/537.36"
82.209.249.74 - - [10/Feb/2021:15:00:25 +0300] "GET /assets/2470dbb9/css/bootstrap-tabs-x.min.css HTTP/1.0" 200 5845 "http://belgim.by/" "Mozilla/5.0 (Windows NT 10.0; Win64; x64) AppleWebKit/537.36 (KHTML, like Gecko) Chrome/88.0.4324.104 Safari/537.36"
Чт мар 4 23:37:31 +03 2021 security alert
213.184.248.20 - - [10/Feb/2021:15:03:28 +0300] "GET /assets/2470dbb9/css/bootstrap-tabs-x.min.css HTTP/1.0" 200 5845 "http://belgim.by/" "Mozilla/5.0 (Windows NT 10.0; Win64; x64) AppleWebKit/537.36 (KHTML, like Gecko) Chrome/88.0.4324.150 Safari/537.36"
194.158.202.17 - - [10/Feb/2021:15:01:18 +0300] "GET /visually/js/responsivevoice.min.js HTTP/1.0" 200 48603 "http://belgim.by/" "Mozilla/5.0 (Windows NT 6.1; Win64; x64) AppleWebKit/537.36 (KHTML, like Gecko) Chrome/88.0.4324.150 Safari/537.36"
178.124.214.209 - - [10/Feb/2021:15:00:27 +0300] "GET /js/jquery.quicksearch.js HTTP/1.0" 200 4179 "http://belgim.by/pages/view?id=328" "Mozilla/5.0 (X11; Ubuntu; Linux x86_64; rv:60.0) Gecko/20100101 Firefox/60.0"
178.124.159.76 - - [10/Feb/2021:15:00:44 +0300] "GET /assets/c3df75fd/yii.js HTTP/1.0" 200 20203 "http://belgim.by/pages/view?id=123" "Mozilla/5.0 (Windows NT 5.1) AppleWebKit/537.36 (KHTML, like Gecko) Chrome/49.0.2623.112 Safari/537.36 OPR/36.0.2130.80"
178.124.214.209 - - [10/Feb/2021:15:00:27 +0300] "GET /css/slider.css HTTP/1.0" 200 1921 "http://belgim.by/pages/view?id=328" "Mozilla/5.0 (X11; Ubuntu; Linux x86_64; rv:60.0) Gecko/20100101 Firefox/60.0"
178.124.159.76 - - [10/Feb/2021:15:00:45 +0300] "GET /images/gosbanners/bizness2.png HTTP/1.0" 200 26499 "http://belgim.by/pages/view?id=123" "Mozilla/5.0 (Windows NT 5.1) AppleWebKit/537.36 (KHTML, like Gecko) Chrome/49.0.2623.112 Safari/537.36 OPR/36.0.2130.80"
82.209.219.28 - - [10/Feb/2021:15:01:52 +0300] "GET /assets/c3df75fd/yii.js HTTP/1.0" 200 20203 "http://belgim.by/pages/view?id=151" "Mozilla/5.0 (Windows NT 6.1; Win64; x64) AppleWebKit/537.36 (KHTML, like Gecko) Chrome/88.0.4324.150 Safari/537.36"
82.209.219.28 - - [10/Feb/2021:15:01:53 +0300] "GET /images/gosbanners/razvitie.jpg HTTP/1.0" 200 79286 "http://belgim.by/pages/view?id=151" "Mozilla/5.0 (Windows NT 6.1; Win64; x64) AppleWebKit/537.36 (KHTML, like Gecko) Chrome/88.0.4324.150 Safari/537.36"
213.184.248.20 - - [10/Feb/2021:15:03:28 +0300] "GET /js/jquery.quicksearch.js HTTP/1.0" 200 4179 "http://belgim.by/" "Mozilla/5.0 (Windows NT 10.0; Win64; x64) AppleWebKit/537.36 (KHTML, like Gecko) Chrome/88.0.4324.150 Safari/537.36"
194.158.202.17 - - [10/Feb/2021:15:01:17 +0300] "GET /assets/76710ad9/css/bootstrap.css HTTP/1.0" 200 145933 "http://belgim.by/" "Mozilla/5.0 (Windows NT 6.1; Win64; x64) AppleWebKit/537.36 (KHTML, like Gecko) Chrome/88.0.4324.150 Safari/537.36"
Чт мар 4 23:38:20 +03 2021 security alert
178.124.159.76 - - [10/Feb/2021:15:00:45 +0300] "GET /img/control_pre.png HTTP/1.0" 200 520 "http://belgim.by/css/slider.css" "Mozilla/5.0 (Windows NT 5.1) AppleWebKit/537.36 (KHTML, like Gecko) Chrome/49.0.2623.112 Safari/537.36 OPR/36.0.2130.80"
194.158.202.17 - - [10/Feb/2021:15:01:20 +0300] "GET /images/gosbanners/presidentportal2.png HTTP/1.0" 200 19346 "http://belgim.by/" "Mozilla/5.0 (Windows NT 6.1; Win64; x64) AppleWebKit/537.36 (KHTML, like Gecko) Chrome/88.0.4324.150 Safari/537.36"
194.158.202.17 - - [10/Feb/2021:15:01:18 +0300] "GET /js/js.js HTTP/1.0" 200 4104 "http://belgim.by/" "Mozilla/5.0 (Windows NT 6.1; Win64; x64) AppleWebKit/537.36 (KHTML, like Gecko) Chrome/88.0.4324.150 Safari/537.36"
185.130.250.51 - - [10/Feb/2021:15:04:49 +0300] "GET / HTTP/1.0" 200 171174 "https://www.google.com/" "Mozilla/5.0 (Windows NT 6.3; Win64; x64) AppleWebKit/537.36 (KHTML, like Gecko) Chrome/88.0.4324.146 Safari/537.36"
82.209.249.74 - - [10/Feb/2021:15:03:50 +0300] "GET /assets/f5de4a1c/locale/ru-RU.js HTTP/1.0" 404 53443 "http://belgim.by/" "Mozilla/5.0 (Windows NT 10.0; Win64; x64) AppleWebKit/537.36 (KHTML, like Gecko) Chrome/88.0.4324.104 Safari/537.36"
194.158.202.17 - - [10/Feb/2021:15:01:21 +0300] "GET /images/cal_ar_left.png HTTP/1.0" 200 2959 "http://belgim.by/css/calendar.css" "Mozilla/5.0 (Windows NT 6.1; Win64; x64) AppleWebKit/537.36 (KHTML, like Gecko) Chrome/88.0.4324.150 Safari/537.36"
82.209.219.28 - - [10/Feb/2021:15:01:52 +0300] "GET /img/soc/940956-20.png HTTP/1.0" 200 529 "http://belgim.by/pages/view?id=151" "Mozilla/5.0 (Windows NT 6.1; Win64; x64) AppleWebKit/537.36 (KHTML, like Gecko) Chrome/88.0.4324.150 Safari/537.36"
82.209.219.28 - - [10/Feb/2021:15:01:53 +0300] "GET /img/search_box_icon.png HTTP/1.0" 200 1018 "http://belgim.by/css/site.css" "Mozilla/5.0 (Windows NT 6.1; Win64; x64) AppleWebKit/537.36 (KHTML, like Gecko) Chrome/88.0.4324.150 Safari/537.36"
37.17.57.233 - - [10/Feb/2021:15:00:34 +0300] "GET /images/gosbanners/95years.gif HTTP/1.0" 200 76382 "http://belgim.by/" "Mozilla/5.0 (Windows NT 6.1; Win64; x64) AppleWebKit/537.36 (KHTML, like Gecko) Chrome/88.0.4324.150 Safari/537.36"
82.209.249.74 - - [10/Feb/2021:15:00:58 +0300] "GET /js/app.js HTTP/1.0" 200 23277 "http://belgim.by/" "Mozilla/5.0 (Windows NT 10.0; Win64; x64) AppleWebKit/537.36 (KHTML, like Gecko) Chrome/88.0.4324.104 Safari/537.36"
Чт мар 4 23:39:24 +03 2021 security alert
178.124.214.209 - - [10/Feb/2021:15:00:28 +0300] "GET /js/app.js HTTP/1.0" 200 23277 "http://belgim.by/pages/view?id=328" "Mozilla/5.0 (X11; Ubuntu; Linux x86_64; rv:60.0) Gecko/20100101 Firefox/60.0"
82.209.219.28 - - [10/Feb/2021:15:01:52 +0300] "GET /images/gosbanners/presidentportal2.png HTTP/1.0" 200 19346 "http://belgim.by/pages/view?id=151" "Mozilla/5.0 (Windows NT 6.1; Win64; x64) AppleWebKit/537.36 (KHTML, like Gecko) Chrome/88.0.4324.150 Safari/537.36"
185.130.250.51 - - [10/Feb/2021:15:04:50 +0300] "GET /visually/js/responsivevoice.min.js HTTP/1.0" 200 48603 "http://belgim.by/" "Mozilla/5.0 (Windows NT 6.3; Win64; x64) AppleWebKit/537.36 (KHTML, like Gecko) Chrome/88.0.4324.146 Safari/537.36"
185.130.250.51 - - [10/Feb/2021:15:04:50 +0300] "GET /images/gosbanners/tnpa2.jpg HTTP/1.0" 200 23402 "http://belgim.by/" "Mozilla/5.0 (Windows NT 6.3; Win64; x64) AppleWebKit/537.36 (KHTML, like Gecko) Chrome/88.0.4324.146 Safari/537.36"
37.17.57.233 - - [10/Feb/2021:15:00:34 +0300] "GET /assets/2470dbb9/js/bootstrap-tabs-x.min.js HTTP/1.0" 200 3306 "http://belgim.by/" "Mozilla/5.0 (Windows NT 6.1; Win64; x64) AppleWebKit/537.36 (KHTML, like Gecko) Chrome/88.0.4324.150 Safari/537.36"
82.209.249.74 - - [10/Feb/2021:15:03:39 +0300] "GET /assets/2470dbb9/js/bootstrap-tabs-x.min.js HTTP/1.0" 200 3306 "http://belgim.by/" "Mozilla/5.0 (Windows NT 10.0; Win64; x64) AppleWebKit/537.36 (KHTML, like Gecko) Chrome/88.0.4324.104 Safari/537.36"
213.184.248.20 - - [10/Feb/2021:15:03:28 +0300] "GET /js/app.js HTTP/1.0" 200 23277 "http://belgim.by/" "Mozilla/5.0 (Windows NT 10.0; Win64; x64) AppleWebKit/537.36 (KHTML, like Gecko) Chrome/88.0.4324.150 Safari/537.36"
185.130.250.51 - - [10/Feb/2021:15:04:50 +0300] "GET /images/gosbanners/bizness2.png HTTP/1.0" 200 26499 "http://belgim.by/" "Mozilla/5.0 (Windows NT 6.3; Win64; x64) AppleWebKit/537.36 (KHTML, like Gecko) Chrome/88.0.4324.146 Safari/537.36"
82.209.249.74 - - [10/Feb/2021:15:03:49 +0300] "GET /images/gosbanners/naz_infa.jpg HTTP/1.0" 200 47304 "http://belgim.by/" "Mozilla/5.0 (Windows NT 10.0; Win64; x64) AppleWebKit/537.36 (KHTML, like Gecko) Chrome/88.0.4324.104 Safari/537.36"
82.209.219.28 - - [10/Feb/2021:15:01:52 +0300] "GET /images/gosbanners/deburokr.gif HTTP/1.0" 200 8772 "http://belgim.by/pages/view?id=151" "Mozilla/5.0 (Windows NT 6.1; Win64; x64) AppleWebKit/537.36 (KHTML, like Gecko) Chrome/88.0.4324.150 Safari/537.36"
185.130.250.51 - - [10/Feb/2021:15:04:50 +0300] "GET /visually/js/responsivevoice.min.js HTTP/1.0" 200 48603 "http://belgim.by/" "Mozilla/5.0 (Windows NT 6.3; Win64; x64) AppleWebKit/537.36 (KHTML, like Gecko) Chrome/88.0.4324.146 Safari/537.36"
213.184.248.20 - - [10/Feb/2021:15:03:28 +0300] "GET /js/hover.js HTTP/1.0" 200 566 "http://belgim.by/" "Mozilla/5.0 (Windows NT 10.0; Win64; x64) AppleWebKit/537.36 (KHTML, like Gecko) Chrome/88.0.4324.150 Safari/537.36"
194.158.202.17 - - [10/Feb/2021:15:01:21 +0300] "GET /images/cal_ar_right.png HTTP/1.0" 200 2961 "http://belgim.by/css/calendar.css" "Mozilla/5.0 (Windows NT 6.1; Win64; x64) AppleWebKit/537.36 (KHTML, like Gecko) Chrome/88.0.4324.150 Safari/537.36"
194.158.202.17 - - [10/Feb/2021:15:01:18 +0300] "GET /assets/f5de4a1c/locale-all.js HTTP/1.0" 200 185932 "http://belgim.by/" "Mozilla/5.0 (Windows NT 6.1; Win64; x64) AppleWebKit/537.36 (KHTML, like Gecko) Chrome/88.0.4324.150 Safari/537.36"
194.158.202.17 - - [10/Feb/2021:15:01:18 +0300] "GET /js/app.js HTTP/1.0" 200 23277 "http://belgim.by/" "Mozilla/5.0 (Windows NT 6.1; Win64; x64) AppleWebKit/537.36 (KHTML, like Gecko) Chrome/88.0.4324.150 Safari/537.36"
82.209.249.74 - - [10/Feb/2021:15:01:14 +0300] "GET /images/gosbanners/si.png HTTP/1.0" 200 15151 "http://belgim.by/" "Mozilla/5.0 (Windows NT 10.0; Win64; x64) AppleWebKit/537.36 (KHTML, like Gecko) Chrome/88.0.4324.104 Safari/537.36"
82.209.249.74 - - [10/Feb/2021:15:02:20 +0300] "GET /img/search_box_icon.png HTTP/1.0" 200 1018 "http://belgim.by/css/site.css" "Mozilla/5.0 (Windows NT 10.0; Win64; x64) AppleWebKit/537.36 (KHTML, like Gecko) Chrome/88.0.4324.104 Safari/537.36"
82.209.219.28 - - [10/Feb/2021:15:01:52 +0300] "GET /assets/76710ad9/css/bootstrap.css HTTP/1.0" 200 145933 "http://belgim.by/pages/view?id=151" "Mozilla/5.0 (Windows NT 6.1; Win64; x64) AppleWebKit/537.36 (KHTML, like Gecko) Chrome/88.0.4324.150 Safari/537.36"
178.124.210.126 - - [10/Feb/2021:15:04:16 +0300] "GET /css/site.css HTTP/1.0" 304 - "http://belgim.by/" "Mozilla/5.0 (Windows NT 10.0; Win64; x64) AppleWebKit/537.36 (KHTML, like Gecko) Chrome/88.0.4324.150 Safari/537.36"
Чт мар 4 23:41:51 +03 2021 security alert
185.130.250.51 - - [10/Feb/2021:15:04:50 +0300] "GET /images/gosbanners/razvitie.jpg HTTP/1.0" 200 79286 "http://belgim.by/" "Mozilla/5.0 (Windows NT 6.3; Win64; x64) AppleWebKit/537.36 (KHTML, like Gecko) Chrome/88.0.4324.146 Safari/537.36"
37.17.57.233 - - [10/Feb/2021:15:00:10 +0300] "GET /js/rt-socket.js HTTP/1.0" 200 1041 "http://belgim.by/" "Mozilla/5.0 (Windows NT 6.1; Win64; x64) AppleWebKit/537.36 (KHTML, like Gecko) Chrome/88.0.4324.150 Safari/537.36"
194.158.202.17 - - [10/Feb/2021:15:01:21 +0300] "GET /images/gosbanners/eaes2.gif HTTP/1.0" 200 13672 "http://belgim.by/" "Mozilla/5.0 (Windows NT 6.1; Win64; x64) AppleWebKit/537.36 (KHTML, like Gecko) Chrome/88.0.4324.150 Safari/537.36"
213.184.248.20 - - [10/Feb/2021:15:03:28 +0300] "GET /visually/js/bvi.min.js HTTP/1.0" 200 29076 "http://belgim.by/" "Mozilla/5.0 (Windows NT 10.0; Win64; x64) AppleWebKit/537.36 (KHTML, like Gecko) Chrome/88.0.4324.150 Safari/537.36"
213.184.248.20 - - [10/Feb/2021:15:03:29 +0300] "GET /images/s_left.png HTTP/1.0" 200 2986 "http://belgim.by/css/site.css" "Mozilla/5.0 (Windows NT 10.0; Win64; x64) AppleWebKit/537.36 (KHTML, like Gecko) Chrome/88.0.4324.150 Safari/537.36"
178.124.214.209 - - [10/Feb/2021:15:00:28 +0300] "GET /images/gosbanners/eaes2.gif HTTP/1.0" 200 13672 "http://belgim.by/pages/view?id=328" "Mozilla/5.0 (X11; Ubuntu; Linux x86_64; rv:60.0) Gecko/20100101 Firefox/60.0"
194.158.202.17 - - [10/Feb/2021:15:01:18 +0300] "GET /js/jquery.quicksearch.js HTTP/1.0" 200 4179 "http://belgim.by/" "Mozilla/5.0 (Windows NT 6.1; Win64; x64) AppleWebKit/537.36 (KHTML, like Gecko) Chrome/88.0.4324.150 Safari/537.36"
82.209.249.74 - - [10/Feb/2021:15:03:46 +0300] "GET /assets/f5de4a1c/locale/ru-RU.js HTTP/1.0" 404 53443 "http://belgim.by/" "Mozilla/5.0 (Windows NT 10.0; Win64; x64) AppleWebKit/537.36 (KHTML, like Gecko) Chrome/88.0.4324.104 Safari/537.36"
82.209.249.74 - - [10/Feb/2021:15:00:58 +0300] "GET /js/hover.js HTTP/1.0" 200 566 "http://belgim.by/" "Mozilla/5.0 (Windows NT 10.0; Win64; x64) AppleWebKit/537.36 (KHTML, like Gecko) Chrome/88.0.4324.104 Safari/537.36"
178.124.214.209 - - [10/Feb/2021:15:00:28 +0300] "GET /images/gosbanners/government2.png HTTP/1.0" 200 9841 "http://belgim.by/pages/view?id=328" "Mozilla/5.0 (X11; Ubuntu; Linux x86_64; rv:60.0) Gecko/20100101 Firefox/60.0"
Чт мар 4 23:43:39 +03 2021 security alert
178.124.159.76 - - [10/Feb/2021:15:00:44 +0300] "GET /css/multi-select.css HTTP/1.0" 200 2351 "http://belgim.by/pages/view?id=123" "Mozilla/5.0 (Windows NT 5.1) AppleWebKit/537.36 (KHTML, like Gecko) Chrome/49.0.2623.112 Safari/537.36 OPR/36.0.2130.80"
213.184.248.20 - - [10/Feb/2021:15:03:29 +0300] "GET /images/cal_ar_left.png HTTP/1.0" 200 2959 "http://belgim.by/css/calendar.css" "Mozilla/5.0 (Windows NT 10.0; Win64; x64) AppleWebKit/537.36 (KHTML, like Gecko) Chrome/88.0.4324.150 Safari/537.36"
178.124.214.209 - - [10/Feb/2021:15:00:27 +0300] "GET /js/jquery.carouFredSel-6.2.1-packed.js HTTP/1.0" 200 54780 "http://belgim.by/pages/view?id=328" "Mozilla/5.0 (X11; Ubuntu; Linux x86_64; rv:60.0) Gecko/20100101 Firefox/60.0"
213.184.248.20 - - [10/Feb/2021:15:03:29 +0300] "GET /images/gosbanners/deburokr.gif HTTP/1.0" 200 8772 "http://belgim.by/" "Mozilla/5.0 (Windows NT 10.0; Win64; x64) AppleWebKit/537.36 (KHTML, like Gecko) Chrome/88.0.4324.150 Safari/537.36"
185.130.250.51 - - [10/Feb/2021:15:04:50 +0300] "GET /js/jquery-2.2.4.min.js HTTP/1.0" 200 85578 "http://belgim.by/" "Mozilla/5.0 (Windows NT 6.3; Win64; x64) AppleWebKit/537.36 (KHTML, like Gecko) Chrome/88.0.4324.146 Safari/537.36"
82.209.249.74 - - [10/Feb/2021:15:00:34 +0300] "GET /css/site.css HTTP/1.0" 200 33945 "http://belgim.by/" "Mozilla/5.0 (Windows NT 10.0; Win64; x64) AppleWebKit/537.36 (KHTML, like Gecko) Chrome/88.0.4324.104 Safari/537.36"
185.130.250.51 - - [10/Feb/2021:15:04:50 +0300] "GET /css/site.css HTTP/1.0" 200 33945 "http://belgim.by/" "Mozilla/5.0 (Windows NT 6.3; Win64; x64) AppleWebKit/537.36 (KHTML, like Gecko) Chrome/88.0.4324.146 Safari/537.36"
194.158.202.17 - - [10/Feb/2021:15:01:19 +0300] "GET /img/login.png HTTP/1.0" 200 3544 "http://belgim.by/css/site.css" "Mozilla/5.0 (Windows NT 6.1; Win64; x64) AppleWebKit/537.36 (KHTML, like Gecko) Chrome/88.0.4324.150 Safari/537.36"
37.17.57.233 - - [10/Feb/2021:15:00:34 +0300] "GET /assets/2470dbb9/js/bootstrap-tabs-x.min.js HTTP/1.0" 200 3306 "http://belgim.by/" "Mozilla/5.0 (Windows NT 6.1; Win64; x64) AppleWebKit/537.36 (KHTML, like Gecko) Chrome/88.0.4324.150 Safari/537.36"
82.209.249.74 - - [10/Feb/2021:15:02:02 +0300] "GET /img/login.png HTTP/1.0" 200 3544 "http://belgim.by/css/site.css" "Mozilla/5.0 (Windows NT 10.0; Win64; x64) AppleWebKit/537.36 (KHTML, like Gecko) Chrome/88.0.4324.104 Safari/537.36"
Чт мар 4 23:44:53 +03 2021 security alert
37.17.57.233 - - [10/Feb/2021:15:00:10 +0300] "GET /js/rt-socket.js HTTP/1.0" 304 - "http://belgim.by/" "Mozilla/5.0 (Windows NT 6.1; Win64; x64) AppleWebKit/537.36 (KHTML, like Gecko) Chrome/88.0.4324.150 Safari/537.36"
37.17.57.233 - - [10/Feb/2021:15:00:10 +0300] "GET /js/rt-socket.js HTTP/1.0" 304 - "http://belgim.by/" "Mozilla/5.0 (Windows NT 6.1; Win64; x64) AppleWebKit/537.36 (KHTML, like Gecko) Chrome/88.0.4324.150 Safari/537.36"
37.17.57.233 - - [10/Feb/2021:15:00:10 +0300] "GET /js/rt-socket.js HTTP/1.0" 304 - "http://belgim.by/" "Mozilla/5.0 (Windows NT 6.1; Win64; x64) AppleWebKit/537.36 (KHTML, like Gecko) Chrome/88.0.4324.150 Safari/537.36"
37.17.57.233 - - [10/Feb/2021:15:00:10 +0300] "GET /js/rt-socket.js HTTP/1.0" 304 - "http://belgim.by/" "Mozilla/5.0 (Windows NT 6.1; Win64; x64) AppleWebKit/537.36 (KHTML, like Gecko) Chrome/88.0.4324.150 Safari/537.36"
37.17.57.233 - - [10/Feb/2021:15:00:10 +0300] "GET /js/rt-socket.js HTTP/1.0" 304 - "http://belgim.by/" "Mozilla/5.0 (Windows NT 6.1; Win64; x64) AppleWebKit/537.36 (KHTML, like Gecko) Chrome/88.0.4324.150 Safari/537.36"
37.17.57.233 - - [10/Feb/2021:15:00:10 +0300] "GET /js/rt-socket.js HTTP/1.0" 304 - "http://belgim.by/" "Mozilla/5.0 (Windows NT 6.1; Win64; x64) AppleWebKit/537.36 (KHTML, like Gecko) Chrome/88.0.4324.150 Safari/537.36"
37.17.57.233 - - [10/Feb/2021:15:00:10 +0300] "GET /js/rt-socket.js HTTP/1.0" 304 - "http://belgim.by/" "Mozilla/5.0 (Windows NT 6.1; Win64; x64) AppleWebKit/537.36 (KHTML, like Gecko) Chrome/88.0.4324.150 Safari/537.36"
37.17.57.233 - - [10/Feb/2021:15:00:10 +0300] "GET /js/rt-socket.js HTTP/1.0" 304 - "http://belgim.by/" "Mozilla/5.0 (Windows NT 6.1; Win64; x64) AppleWebKit/537.36 (KHTML, like Gecko) Chrome/88.0.4324.150 Safari/537.36"
37.17.57.233 - - [10/Feb/2021:15:00:10 +0300] "GET /js/rt-socket.js HTTP/1.0" 304 - "http://belgim.by/" "Mozilla/5.0 (Windows NT 6.1; Win64; x64) AppleWebKit/537.36 (KHTML, like Gecko) Chrome/88.0.4324.150 Safari/537.36"
37.17.57.233 - - [10/Feb/2021:15:00:10 +0300] "GET /js/rt-socket.js HTTP/1.0" 304 - "http://belgim.by/" "Mozilla/5.0 (Windows NT 6.1; Win64; x64) AppleWebKit/537.36 (KHTML, like Gecko) Chrome/88.0.4324.150 Safari/537.36"
Чт мар 4 23:46:26 +03 2021 security alert
178.124.159.76 - - [10/Feb/2021:15:00:44 +0300] "GET /img/soc/940994-20.png HTTP/1.0" 200 475 "http://belgim.by/pages/view?id=123" "Mozilla/5.0 (Windows NT 5.1) AppleWebKit/537.36 (KHTML, like Gecko) Chrome/49.0.2623.112 Safari/537.36 OPR/36.0.2130.80"
194.158.202.17 - - [10/Feb/2021:15:01:21 +0300] "GET /images/gosbanners/eaes2.gif HTTP/1.0" 200 13672 "http://belgim.by/" "Mozilla/5.0 (Windows NT 6.1; Win64; x64) AppleWebKit/537.36 (KHTML, like Gecko) Chrome/88.0.4324.150 Safari/537.36"
178.124.214.209 - - [10/Feb/2021:15:00:28 +0300] "GET /img/login.png HTTP/1.0" 200 3544 "http://belgim.by/css/site.css" "Mozilla/5.0 (X11; Ubuntu; Linux x86_64; rv:60.0) Gecko/20100101 Firefox/60.0"
82.209.219.28 - - [10/Feb/2021:15:01:52 +0300] "GET /js/menu-list.js HTTP/1.0" 200 282 "http://belgim.by/pages/view?id=151" "Mozilla/5.0 (Windows NT 6.1; Win64; x64) AppleWebKit/537.36 (KHTML, like Gecko) Chrome/88.0.4324.150 Safari/537.36"
82.209.249.74 - - [10/Feb/2021:15:01:13 +0300] "GET /img/logo.png HTTP/1.0" 200 7901 "http://belgim.by/" "Mozilla/5.0 (Windows NT 10.0; Win64; x64) AppleWebKit/537.36 (KHTML, like Gecko) Chrome/88.0.4324.104 Safari/537.36"
185.130.250.51 - - [10/Feb/2021:15:04:50 +0300] "GET /js/js.js HTTP/1.0" 200 4104 "http://belgim.by/" "Mozilla/5.0 (Windows NT 6.3; Win64; x64) AppleWebKit/537.36 (KHTML, like Gecko) Chrome/88.0.4324.146 Safari/537.36"
178.124.159.76 - - [10/Feb/2021:15:00:45 +0300] "GET /images/gosbanners/Reestrs.jpg HTTP/1.0" 200 46806 "http://belgim.by/pages/view?id=123" "Mozilla/5.0 (Windows NT 5.1) AppleWebKit/537.36 (KHTML, like Gecko) Chrome/49.0.2623.112 Safari/537.36 OPR/36.0.2130.80"
194.158.202.17 - - [10/Feb/2021:15:01:18 +0300] "GET /js/app.js HTTP/1.0" 200 23277 "http://belgim.by/" "Mozilla/5.0 (Windows NT 6.1; Win64; x64) AppleWebKit/537.36 (KHTML, like Gecko) Chrome/88.0.4324.150 Safari/537.36"
178.124.159.76 - - [10/Feb/2021:15:00:44 +0300] "GET /assets/c3df75fd/yii.js HTTP/1.0" 200 20203 "http://belgim.by/pages/view?id=123" "Mozilla/5.0 (Windows NT 5.1) AppleWebKit/537.36 (KHTML, like Gecko) Chrome/49.0.2623.112 Safari/537.36 OPR/36.0.2130.80"
213.184.248.20 - - [10/Feb/2021:15:03:29 +0300] "GET /images/gosbanners/belta.png HTTP/1.0" 200 19332 "http://belgim.by/" "Mozilla/5.0 (Windows NT 10.0; Win64; x64) AppleWebKit/537.36 (KHTML, like Gecko) Chrome/88.0.4324.150 Safari/537.36"
Чт мар 4 23:48:03 +03 2021 security alert
194.158.202.17 - - [10/Feb/2021:15:01:19 +0300] "GET /img/soc/940956-20.png HTTP/1.0" 200 529 "http://belgim.by/" "Mozilla/5.0 (Windows NT 6.1; Win64; x64) AppleWebKit/537.36 (KHTML, like Gecko) Chrome/88.0.4324.150 Safari/537.36"
178.124.159.76 - - [10/Feb/2021:15:00:44 +0300] "GET /img/logo.png HTTP/1.0" 200 7901 "http://belgim.by/pages/view?id=123" "Mozilla/5.0 (Windows NT 5.1) AppleWebKit/537.36 (KHTML, like Gecko) Chrome/49.0.2623.112 Safari/537.36 OPR/36.0.2130.80"
82.209.249.74 - - [10/Feb/2021:15:00:30 +0300] "GET /css/multi-select.css HTTP/1.0" 200 2351 "http://belgim.by/" "Mozilla/5.0 (Windows NT 10.0; Win64; x64) AppleWebKit/537.36 (KHTML, like Gecko) Chrome/88.0.4324.104 Safari/537.36"
213.184.248.20 - - [10/Feb/2021:15:03:28 +0300] "GET /css/multi-select.css HTTP/1.0" 200 2351 "http://belgim.by/" "Mozilla/5.0 (Windows NT 10.0; Win64; x64) AppleWebKit/537.36 (KHTML, like Gecko) Chrome/88.0.4324.150 Safari/537.36"
82.209.249.74 - - [10/Feb/2021:15:03:49 +0300] "GET /img/control_pre.png HTTP/1.0" 200 520 "http://belgim.by/css/slider.css" "Mozilla/5.0 (Windows NT 10.0; Win64; x64) AppleWebKit/537.36 (KHTML, like Gecko) Chrome/88.0.4324.104 Safari/537.36"
194.158.202.17 - - [10/Feb/2021:15:01:17 +0300] "GET /assets/c3df75fd/yii.js HTTP/1.0" 200 20203 "http://belgim.by/" "Mozilla/5.0 (Windows NT 6.1; Win64; x64) AppleWebKit/537.36 (KHTML, like Gecko) Chrome/88.0.4324.150 Safari/537.36"
82.209.249.74 - - [10/Feb/2021:15:01:52 +0300] "GET / HTTP/1.0" 200 171174 "-" "Mozilla/5.0 (Windows NT 10.0; Win64; x64) AppleWebKit/537.36 (KHTML, like Gecko) Chrome/88.0.4324.104 Safari/537.36"
178.124.214.209 - - [10/Feb/2021:15:00:28 +0300] "GET /visually/js/bvi.min.js HTTP/1.0" 200 29076 "http://belgim.by/pages/view?id=328" "Mozilla/5.0 (X11; Ubuntu; Linux x86_64; rv:60.0) Gecko/20100101 Firefox/60.0"
213.184.248.20 - - [10/Feb/2021:15:03:28 +0300] "GET /assets/c3df75fd/yii.js HTTP/1.0" 200 20203 "http://belgim.by/" "Mozilla/5.0 (Windows NT 10.0; Win64; x64) AppleWebKit/537.36 (KHTML, like Gecko) Chrome/88.0.4324.150 Safari/537.36"
185.130.250.51 - - [10/Feb/2021:15:04:50 +0300] "GET /js/jquery.multi-select.js HTTP/1.0" 200 19744 "http://belgim.by/" "Mozilla/5.0 (Windows NT 6.3; Win64; x64) AppleWebKit/537.36 (KHTML, like Gecko) Chrome/88.0.4324.146 Safari/537.36"
Чт мар 4 23:48:49 +03 2021 security alert
 Вс мар  7 02:10:45 +03 2021 security alert